dockerfile: docker/Dockerfile.dev
ignorefile: docker/Dockerfile.dev.dockerignore
included:   5 files, 51 bytes
ignored:    1 files, 2 bytes
sent:       the whole context
--
+ .dockerignore
+ docker
+ docker/Dockerfile.dev
+ docker/Dockerfile.dev.dockerignore
+ only-default
- only-nested  <- docker/Dockerfile.dev.dockerignore:1 only-nested
+ other
